Archive member included to satisfy reference by file (symbol)

/Applications/ArmGNUToolchain/14.2.rel1/arm-none-eabi/bin/../lib/gcc/arm-none-eabi/14.2.1/thumb/v6-m/nofp/libgcc.a(_udivsi3.o)
                              cmake/stm32cubemx/CMakeFiles/STM32_Drivers.dir/__/__/Src/system_stm32f0xx.c.obj (__aeabi_uidiv)
/Applications/ArmGNUToolchain/14.2.rel1/arm-none-eabi/bin/../lib/gcc/arm-none-eabi/14.2.1/thumb/v6-m/nofp/libgcc.a(_dvmd_tls.o)
                              /Applications/ArmGNUToolchain/14.2.rel1/arm-none-eabi/bin/../lib/gcc/arm-none-eabi/14.2.1/thumb/v6-m/nofp/libgcc.a(_udivsi3.o) (__aeabi_idiv0)
/Applications/ArmGNUToolchain/14.2.rel1/arm-none-eabi/bin/../lib/gcc/arm-none-eabi/14.2.1/../../../../arm-none-eabi/lib/thumb/v6-m/nofp/libg_nano.a(libc_a-exit.o)
                              /Applications/ArmGNUToolchain/14.2.rel1/arm-none-eabi/bin/../lib/gcc/arm-none-eabi/14.2.1/../../../../arm-none-eabi/lib/thumb/v6-m/nofp/crt0.o (exit)
/Applications/ArmGNUToolchain/14.2.rel1/arm-none-eabi/bin/../lib/gcc/arm-none-eabi/14.2.1/../../../../arm-none-eabi/lib/thumb/v6-m/nofp/libg_nano.a(libc_a-findfp.o)
                              /Applications/ArmGNUToolchain/14.2.rel1/arm-none-eabi/bin/../lib/gcc/arm-none-eabi/14.2.1/../../../../arm-none-eabi/lib/thumb/v6-m/nofp/libg_nano.a(libc_a-exit.o) (__stdio_exit_handler)
/Applications/ArmGNUToolchain/14.2.rel1/arm-none-eabi/bin/../lib/gcc/arm-none-eabi/14.2.1/../../../../arm-none-eabi/lib/thumb/v6-m/nofp/libg_nano.a(libc_a-fwalk.o)
                              /Applications/ArmGNUToolchain/14.2.rel1/arm-none-eabi/bin/../lib/gcc/arm-none-eabi/14.2.1/../../../../arm-none-eabi/lib/thumb/v6-m/nofp/libg_nano.a(libc_a-findfp.o) (_fwalk_sglue)
/Applications/ArmGNUToolchain/14.2.rel1/arm-none-eabi/bin/../lib/gcc/arm-none-eabi/14.2.1/../../../../arm-none-eabi/lib/thumb/v6-m/nofp/libg_nano.a(libc_a-memset.o)
                              /Applications/ArmGNUToolchain/14.2.rel1/arm-none-eabi/bin/../lib/gcc/arm-none-eabi/14.2.1/../../../../arm-none-eabi/lib/thumb/v6-m/nofp/crt0.o (memset)
/Applications/ArmGNUToolchain/14.2.rel1/arm-none-eabi/bin/../lib/gcc/arm-none-eabi/14.2.1/../../../../arm-none-eabi/lib/thumb/v6-m/nofp/libg_nano.a(libc_a-errno.o)
                              CMakeFiles/MKS4.dir/Src/sysmem.c.obj (__errno)
/Applications/ArmGNUToolchain/14.2.rel1/arm-none-eabi/bin/../lib/gcc/arm-none-eabi/14.2.1/../../../../arm-none-eabi/lib/thumb/v6-m/nofp/libg_nano.a(libc_a-init.o)
                              /Applications/ArmGNUToolchain/14.2.rel1/arm-none-eabi/bin/../lib/gcc/arm-none-eabi/14.2.1/../../../../arm-none-eabi/lib/thumb/v6-m/nofp/crt0.o (__libc_init_array)
/Applications/ArmGNUToolchain/14.2.rel1/arm-none-eabi/bin/../lib/gcc/arm-none-eabi/14.2.1/../../../../arm-none-eabi/lib/thumb/v6-m/nofp/libg_nano.a(libc_a-lock.o)
                              /Applications/ArmGNUToolchain/14.2.rel1/arm-none-eabi/bin/../lib/gcc/arm-none-eabi/14.2.1/../../../../arm-none-eabi/lib/thumb/v6-m/nofp/libg_nano.a(libc_a-findfp.o) (__retarget_lock_init_recursive)
/Applications/ArmGNUToolchain/14.2.rel1/arm-none-eabi/bin/../lib/gcc/arm-none-eabi/14.2.1/../../../../arm-none-eabi/lib/thumb/v6-m/nofp/libg_nano.a(libc_a-impure.o)
                              /Applications/ArmGNUToolchain/14.2.rel1/arm-none-eabi/bin/../lib/gcc/arm-none-eabi/14.2.1/../../../../arm-none-eabi/lib/thumb/v6-m/nofp/libg_nano.a(libc_a-errno.o) (_impure_ptr)
/Applications/ArmGNUToolchain/14.2.rel1/arm-none-eabi/bin/../lib/gcc/arm-none-eabi/14.2.1/../../../../arm-none-eabi/lib/thumb/v6-m/nofp/libg_nano.a(libc_a-mallocr.o)
                              /Applications/ArmGNUToolchain/14.2.rel1/arm-none-eabi/bin/../lib/gcc/arm-none-eabi/14.2.1/../../../../arm-none-eabi/lib/thumb/v6-m/nofp/libg_nano.a(libc_a-findfp.o) (_malloc_r)
/Applications/ArmGNUToolchain/14.2.rel1/arm-none-eabi/bin/../lib/gcc/arm-none-eabi/14.2.1/../../../../arm-none-eabi/lib/thumb/v6-m/nofp/libg_nano.a(libc_a-fflush.o)
                              /Applications/ArmGNUToolchain/14.2.rel1/arm-none-eabi/bin/../lib/gcc/arm-none-eabi/14.2.1/../../../../arm-none-eabi/lib/thumb/v6-m/nofp/libg_nano.a(libc_a-findfp.o) (_fflush_r)
/Applications/ArmGNUToolchain/14.2.rel1/arm-none-eabi/bin/../lib/gcc/arm-none-eabi/14.2.1/../../../../arm-none-eabi/lib/thumb/v6-m/nofp/libg_nano.a(libc_a-mlock.o)
                              /Applications/ArmGNUToolchain/14.2.rel1/arm-none-eabi/bin/../lib/gcc/arm-none-eabi/14.2.1/../../../../arm-none-eabi/lib/thumb/v6-m/nofp/libg_nano.a(libc_a-mallocr.o) (__malloc_lock)
/Applications/ArmGNUToolchain/14.2.rel1/arm-none-eabi/bin/../lib/gcc/arm-none-eabi/14.2.1/../../../../arm-none-eabi/lib/thumb/v6-m/nofp/libg_nano.a(libc_a-stdio.o)
                              /Applications/ArmGNUToolchain/14.2.rel1/arm-none-eabi/bin/../lib/gcc/arm-none-eabi/14.2.1/../../../../arm-none-eabi/lib/thumb/v6-m/nofp/libg_nano.a(libc_a-findfp.o) (__sread)
[...]
Memory Configuration

Name             Origin             Length             Attributes
RAM              0x20000000         0x00002000         xrw
FLASH            0x08000000         0x00010000         xr
*default*        0x00000000         0xffffffff

Linker script and memory map

LOAD /Applications/ArmGNUToolchain/14.2.rel1/arm-none-eabi/bin/../lib/gcc/arm-none-eabi/14.2.1/thumb/v6-m/nofp/crti.o
LOAD /Applications/ArmGNUToolchain/14.2.rel1/arm-none-eabi/bin/../lib/gcc/arm-none-eabi/14.2.1/thumb/v6-m/nofp/crtbegin.o
LOAD /Applications/ArmGNUToolchain/14.2.rel1/arm-none-eabi/bin/../lib/gcc/arm-none-eabi/14.2.1/../../../../arm-none-eabi/lib/thumb/v6-m/nofp/crt0.o
LOAD cmake/stm32cubemx/CMakeFiles/STM32_Drivers.dir/__/__/Src/system_stm32f0xx.c.obj
LOAD cmake/stm32cubemx/CMakeFiles/STM32_Drivers.dir/__/__/Drivers/STM32F0xx_HAL_Driver/Src/stm32f0xx_hal_adc.c.obj
LOAD cmake/stm32cubemx/CMakeFiles/STM32_Drivers.dir/__/__/Drivers/STM32F0xx_HAL_Driver/Src/stm32f0xx_hal_adc_ex.c.obj
LOAD cmake/stm32cubemx/CMakeFiles/STM32_Drivers.dir/__/__/Drivers/STM32F0xx_HAL_Driver/Src/stm32f0xx_hal_rcc.c.obj
LOAD cmake/stm32cubemx/CMakeFiles/STM32_Drivers.dir/__/__/Drivers/STM32F0xx_HAL_Driver/Src/stm32f0xx_hal_rcc_ex.c.obj
LOAD cmake/stm32cubemx/CMakeFiles/STM32_Drivers.dir/__/__/Drivers/STM32F0xx_HAL_Driver/Src/stm32f0xx_hal.c.obj
LOAD cmake/stm32cubemx/CMakeFiles/STM32_Drivers.dir/__/__/Drivers/STM32F0xx_HAL_Driver/Src/stm32f0xx_hal_i2c.c.obj
LOAD cmake/stm32cubemx/CMakeFiles/STM32_Drivers.dir/__/__/Drivers/STM32F0xx_HAL_Driver/Src/stm32f0xx_hal_i2c_ex.c.obj
LOAD cmake/stm32cubemx/CMakeFiles/STM32_Drivers.dir/__/__/Drivers/STM32F0xx_HAL_Driver/Src/stm32f0xx_hal_gpio.c.obj
LOAD cmake/stm32cubemx/CMakeFiles/STM32_Drivers.dir/__/__/Drivers/STM32F0xx_HAL_Driver/Src/stm32f0xx_hal_dma.c.obj
LOAD cmake/stm32cubemx/CMakeFiles/STM32_Drivers.dir/__/__/Drivers/STM32F0xx_HAL_Driver/Src/stm32f0xx_hal_cortex.c.obj
LOAD cmake/stm32cubemx/CMakeFiles/STM32_Drivers.dir/__/__/Drivers/STM32F0xx_HAL_Driver/Src/stm32f0xx_hal_pwr.c.obj
LOAD cmake/stm32cubemx/CMakeFiles/STM32_Drivers.dir/__/__/Drivers/STM32F0xx_HAL_Driver/Src/stm32f0xx_hal_pwr_ex.c.obj
LOAD cmake/stm32cubemx/CMakeFiles/STM32_Drivers.dir/__/__/Drivers/STM32F0xx_HAL_Driver/Src/stm32f0xx_hal_flash.c.obj
LOAD cmake/stm32cubemx/CMakeFiles/STM32_Drivers.dir/__/__/Drivers/STM32F0xx_HAL_Driver/Src/stm32f0xx_hal_flash_ex.c.obj
LOAD cmake/stm32cubemx/CMakeFiles/STM32_Drivers.dir/__/__/Drivers/STM32F0xx_HAL_Driver/Src/stm32f0xx_hal_exti.c.obj
LOAD cmake/stm32cubemx/CMakeFiles/STM32_Drivers.dir/__/__/Drivers/STM32F0xx_HAL_Driver/Src/stm32f0xx_hal_uart.c.obj
LOAD cmake/stm32cubemx/CMakeFiles/STM32_Drivers.dir/__/__/Drivers/STM32F0xx_HAL_Driver/Src/stm32f0xx_hal_uart_ex.c.obj
LOAD CMakeFiles/MKS4.dir/Src/main.c.obj
LOAD CMakeFiles/MKS4.dir/Src/stm32f0xx_it.c.obj
LOAD CMakeFiles/MKS4.dir/Src/stm32f0xx_hal_msp.c.obj
LOAD CMakeFiles/MKS4.dir/Src/sysmem.c.obj
LOAD CMakeFiles/MKS4.dir/Src/syscalls.c.obj
LOAD CMakeFiles/MKS4.dir/startup_stm32f030x8.s.obj
LOAD /Applications/ArmGNUToolchain/14.2.rel1/arm-none-eabi/bin/../lib/gcc/arm-none-eabi/14.2.1/../../../../arm-none-eabi/lib/thumb/v6-m/nofp/libm.a
START GROUP
LOAD /Applications/ArmGNUToolchain/14.2.rel1/arm-none-eabi/bin/../lib/gcc/arm-none-eabi/14.2.1/thumb/v6-m/nofp/libgcc.a
LOAD /Applications/ArmGNUToolchain/14.2.rel1/arm-none-eabi/bin/../lib/gcc/arm-none-eabi/14.2.1/../../../../arm-none-eabi/lib/thumb/v6-m/nofp/libg_nano.a
LOAD /Applications/ArmGNUToolchain/14.2.rel1/arm-none-eabi/bin/../lib/gcc/arm-none-eabi/14.2.1/../../../../arm-none-eabi/lib/thumb/v6-m/nofp/libc_nano.a
END GROUP
START GROUP
LOAD /Applications/ArmGNUToolchain/14.2.rel1/arm-none-eabi/bin/../lib/gcc/arm-none-eabi/14.2.1/thumb/v6-m/nofp/libgcc.a
LOAD /Applications/ArmGNUToolchain/14.2.rel1/arm-none-eabi/bin/../lib/gcc/arm-none-eabi/14.2.1/../../../../arm-none-eabi/lib/thumb/v6-m/nofp/libc_nano.a
END GROUP
LOAD /Applications/ArmGNUToolchain/14.2.rel1/arm-none-eabi/bin/../lib/gcc/arm-none-eabi/14.2.1/thumb/v6-m/nofp/crtend.o
LOAD /Applications/ArmGNUToolchain/14.2.rel1/arm-none-eabi/bin/../lib/gcc/arm-none-eabi/14.2.1/thumb/v6-m/nofp/crtn.o
                0x20002000                        _estack = (ORIGIN (RAM) + LENGTH (RAM))
                0x00000200                        _Min_Heap_Size = 0x200
                0x00000400                        _Min_Stack_Size = 0x400

.isr_vector     0x08000000       0xc0
                0x08000000                        . = ALIGN (0x4)
 *(.isr_vector)
 .isr_vector    0x08000000       0xc0 CMakeFiles/MKS4.dir/startup_stm32f030x8.s.obj
                0x08000000                g_pfnVectors
                0x080000c0                        . = ALIGN (0x4)

.text           0x080000c0     0x2314
                0x080000c0                        . = ALIGN (0x4)
 *(.text)
 .text          0x080000c0      0x114 /Applications/ArmGNUToolchain/14.2.rel1/arm-none-eabi/bin/../lib/gcc/arm-none-eabi/14.2.1/thumb/v6-m/nofp/libgcc.a(_udivsi3.o)
                0x080000c0                __udivsi3
                0x080000c0                __aeabi_uidiv
                0x080001cc                __aeabi_uidivmod
 .text          0x080001d4        0x4 /Applications/ArmGNUToolchain/14.2.rel1/arm-none-eabi/bin/../lib/gcc/arm-none-eabi/14.2.1/thumb/v6-m/nofp/libgcc.a(_dvmd_tls.o)
                0x080001d4                __aeabi_ldiv0
                0x080001d4                __aeabi_idiv0
 *(.text*)
 .text.deregister_tm_clones
                0x080001d8       0x20 /Applications/ArmGNUToolchain/14.2.rel1/arm-none-eabi/bin/../lib/gcc/arm-none-eabi/14.2.1/thumb/v6-m/nofp/crtbegin.o
 .text.register_tm_clones
                0x080001f8       0x28 /Applications/ArmGNUToolchain/14.2.rel1/arm-none-eabi/bin/../lib/gcc/arm-none-eabi/14.2.1/thumb/v6-m/nofp/crtbegin.o
 .text.__do_global_dtors_aux
                0x08000220       0x2c /Applications/ArmGNUToolchain/14.2.rel1/arm-none-eabi/bin/../lib/gcc/arm-none-eabi/14.2.1/thumb/v6-m/nofp/crtbegin.o
 .text.frame_dummy
                0x0800024c       0x24 /Applications/ArmGNUToolchain/14.2.rel1/arm-none-eabi/bin/../lib/gcc/arm-none-eabi/14.2.1/thumb/v6-m/nofp/crtbegin.o
 .text.SystemInit
                0x08000270        0xa cmake/stm32cubemx/CMakeFiles/STM32_Drivers.dir/__/__/Src/system_stm32f0xx.c.obj
                0x08000270                SystemInit
 *fill*         0x0800027a        0x2 
 .text.HAL_ADC_Init
                0x0800027c      0x280 cmake/stm32cubemx/CMakeFiles/STM32_Drivers.dir/__/__/Drivers/STM32F0xx_HAL_Driver/Src/stm32f0xx_hal_adc.c.obj
                0x0800027c                HAL_ADC_Init
 .text.HAL_ADC_IRQHandler
                0x080004fc      0x148 cmake/stm32cubemx/CMakeFiles/STM32_Drivers.dir/__/__/Drivers/STM32F0xx_HAL_Driver/Src/stm32f0xx_hal_adc.c.obj
                0x080004fc                HAL_ADC_IRQHandler
 .text.HAL_ADC_ConvCpltCallback
                0x08000644       0x10 cmake/stm32cubemx/CMakeFiles/STM32_Drivers.dir/__/__/Drivers/STM32F0xx_HAL_Driver/Src/stm32f0xx_hal_adc.c.obj
                0x08000644                HAL_ADC_ConvCpltCallback
 .text.HAL_ADC_LevelOutOfWindowCallback
                0x08000654       0x10 cmake/stm32cubemx/CMakeFiles/STM32_Drivers.dir/__/__/Drivers/STM32F0xx_HAL_Driver/Src/stm32f0xx_hal_adc.c.obj
                0x08000654                HAL_ADC_LevelOutOfWindowCallback
 .text.HAL_ADC_ErrorCallback
                0x08000664       0x10 cmake/stm32cubemx/CMakeFiles/STM32_Drivers.dir/__/__/Drivers/STM32F0xx_HAL_Driver/Src/stm32f0xx_hal_adc.c.obj
                0x08000664                HAL_ADC_ErrorCallback
 .text.HAL_ADC_ConfigChannel
                0x08000674      0x1ec cmake/stm32cubemx/CMakeFiles/STM32_Drivers.dir/__/__/Drivers/STM32F0xx_HAL_Driver/Src/stm32f0xx_hal_adc.c.obj
                0x08000674                HAL_ADC_ConfigChannel
 .text.HAL_RCC_OscConfig
                0x08000860      0x634 cmake/stm32cubemx/CMakeFiles/STM32_Drivers.dir/__/__/Drivers/STM32F0xx_HAL_Driver/Src/stm32f0xx_hal_rcc.c.obj
                0x08000860                HAL_RCC_OscConfig
 .text.HAL_RCC_ClockConfig
                0x08000e94      0x19c cmake/stm32cubemx/CMakeFiles/STM32_Drivers.dir/__/__/Drivers/STM32F0xx_HAL_Driver/Src/stm32f0xx_hal_rcc.c.obj
                0x08000e94                HAL_RCC_ClockConfig
 .text.HAL_RCC_GetSysClockFreq
                0x08001030       0xac cmake/stm32cubemx/CMakeFiles/STM32_Drivers.dir/__/__/Drivers/STM32F0xx_HAL_Driver/Src/stm32f0xx_hal_rcc.c.obj
                0x08001030                HAL_RCC_GetSysClockFreq
 .text.HAL_RCC_GetHCLKFreq
                0x080010dc       0x14 cmake/stm32cubemx/CMakeFiles/STM32_Drivers.dir/__/__/Drivers/STM32F0xx_HAL_Driver/Src/stm32f0xx_hal_rcc.c.obj
                0x080010dc                HAL_RCC_GetHCLKFreq
 .text.HAL_RCC_GetPCLK1Freq
                0x080010f0       0x2c cmake/stm32cubemx/CMakeFiles/STM32_Drivers.dir/__/__/Drivers/STM32F0xx_HAL_Driver/Src/stm32f0xx_hal_rcc.c.obj
                0x080010f0                HAL_RCC_GetPCLK1Freq
 .text.HAL_Init
                0x0800111c       0x28 cmake/stm32cubemx/CMakeFiles/STM32_Drivers.dir/__/__/Drivers/STM32F0xx_HAL_Driver/Src/stm32f0xx_hal.c.obj
                0x0800111c                HAL_Init
 .text.HAL_InitTick
                0x08001144       0x68 cmake/stm32cubemx/CMakeFiles/STM32_Drivers.dir/__/__/Drivers/STM32F0xx_HAL_Driver/Src/stm32f0xx_hal.c.obj
                0x08001144                HAL_InitTick
 .text.HAL_IncTick
                0x080011ac       0x24 cmake/stm32cubemx/CMakeFiles/STM32_Drivers.dir/__/__/Drivers/STM32F0xx_HAL_Driver/Src/stm32f0xx_hal.c.obj
                0x080011ac                HAL_IncTick
 .text.HAL_GetTick
                0x080011d0       0x14 cmake/stm32cubemx/CMakeFiles/STM32_Drivers.dir/__/__/Drivers/STM32F0xx_HAL_Driver/Src/stm32f0xx_hal.c.obj
                0x080011d0                HAL_GetTick
 .text.HAL_GPIO_Init
                0x080011e4      0x2e0 cmake/stm32cubemx/CMakeFiles/STM32_Drivers.dir/__/__/Drivers/STM32F0xx_HAL_Driver/Src/stm32f0xx_hal_gpio.c.obj
                0x080011e4                HAL_GPIO_Init
 .text.HAL_GPIO_WritePin
                0x080014c4       0x3a cmake/stm32cubemx/CMakeFiles/STM32_Drivers.dir/__/__/Drivers/STM32F0xx_HAL_Driver/Src/stm32f0xx_hal_gpio.c.obj
                0x080014c4                HAL_GPIO_WritePin
 *fill*         0x080014fe        0x2 
 .text.__NVIC_EnableIRQ
                0x08001500       0x34 cmake/stm32cubemx/CMakeFiles/STM32_Drivers.dir/__/__/Drivers/STM32F0xx_HAL_Driver/Src/stm32f0xx_hal_cortex.c.obj
 .text.__NVIC_SetPriority
                0x08001534       0xdc cmake/stm32cubemx/CMakeFiles/STM32_Drivers.dir/__/__/Drivers/STM32F0xx_HAL_Driver/Src/stm32f0xx_hal_cortex.c.obj
 .text.SysTick_Config
                0x08001610       0x48 cmake/stm32cubemx/CMakeFiles/STM32_Drivers.dir/__/__/Drivers/STM32F0xx_HAL_Driver/Src/stm32f0xx_hal_cortex.c.obj
 .text.HAL_NVIC_SetPriority
                0x08001658       0x2a cmake/stm32cubemx/CMakeFiles/STM32_Drivers.dir/__/__/Drivers/STM32F0xx_HAL_Driver/Src/stm32f0xx_hal_cortex.c.obj
                0x08001658                HAL_NVIC_SetPriority
 .text.HAL_NVIC_EnableIRQ
                0x08001682       0x20 cmake/stm32cubemx/CMakeFiles/STM32_Drivers.dir/__/__/Drivers/STM32F0xx_HAL_Driver/Src/stm32f0xx_hal_cortex.c.obj
                0x08001682                HAL_NVIC_EnableIRQ
 .text.HAL_SYSTICK_Config
                0x080016a2       0x1a cmake/stm32cubemx/CMakeFiles/STM32_Drivers.dir/__/__/Drivers/STM32F0xx_HAL_Driver/Src/stm32f0xx_hal_cortex.c.obj
                0x080016a2                HAL_SYSTICK_Config
 .text.HAL_UART_Init
                0x080016bc       0xa8 cmake/stm32cubemx/CMakeFiles/STM32_Drivers.dir/__/__/Drivers/STM32F0xx_HAL_Driver/Src/stm32f0xx_hal_uart.c.obj
                0x080016bc                HAL_UART_Init
 .text.UART_SetConfig
                0x08001764      0x280 cmake/stm32cubemx/CMakeFiles/STM32_Drivers.dir/__/__/Drivers/STM32F0xx_HAL_Driver/Src/stm32f0xx_hal_uart.c.obj
                0x08001764                UART_SetConfig
 .text.UART_AdvFeatureConfig
                0x080019e4      0x168 cmake/stm32cubemx/CMakeFiles/STM32_Drivers.dir/__/__/Drivers/STM32F0xx_HAL_Driver/Src/stm32f0xx_hal_uart.c.obj
                0x080019e4                UART_AdvFeatureConfig
 .text.UART_CheckIdleState
                0x08001b4c      0x150 cmake/stm32cubemx/CMakeFiles/STM32_Drivers.dir/__/__/Drivers/STM32F0xx_HAL_Driver/Src/stm32f0xx_hal_uart.c.obj
                0x08001b4c                UART_CheckIdleState
 .text.UART_WaitOnFlagUntilTimeout
                0x08001c9c       0xde cmake/stm32cubemx/CMakeFiles/STM32_Drivers.dir/__/__/Drivers/STM32F0xx_HAL_Driver/Src/stm32f0xx_hal_uart.c.obj
                0x08001c9c                UART_WaitOnFlagUntilTimeout
 *fill*         0x08001d7a        0x2 
 .text.UART_EndRxTransfer
                0x08001d7c       0xc8 cmake/stm32cubemx/CMakeFiles/STM32_Drivers.dir/__/__/Drivers/STM32F0xx_HAL_Driver/Src/stm32f0xx_hal_uart.c.obj
 .text.main     0x08001e44       0x1c CMakeFiles/MKS4.dir/Src/main.c.obj
                0x08001e44                main
 .text.SystemClock_Config
                0x08001e60       0xa0 CMakeFiles/MKS4.dir/Src/main.c.obj
                0x08001e60                SystemClock_Config
 .text.MX_ADC_Init
                0x08001f00       0xb4 CMakeFiles/MKS4.dir/Src/main.c.obj
 .text.MX_USART2_UART_Init
                0x08001fb4       0x60 CMakeFiles/MKS4.dir/Src/main.c.obj
 .text.MX_GPIO_Init
                0x08002014      0x128 CMakeFiles/MKS4.dir/Src/main.c.obj
 .text.Error_Handler
                0x0800213c        0xc CMakeFiles/MKS4.dir/Src/main.c.obj
                0x0800213c                Error_Handler
 .text.NMI_Handler
                0x08002148        0x8 CMakeFiles/MKS4.dir/Src/stm32f0xx_it.c.obj
                0x08002148                NMI_Handler
 .text.HardFault_Handler
                0x08002150        0x8 CMakeFiles/MKS4.dir/Src/stm32f0xx_it.c.obj
                0x08002150                HardFault_Handler
 .text.SVC_Handler
                0x08002158        0xa CMakeFiles/MKS4.dir/Src/stm32f0xx_it.c.obj
                0x08002158                SVC_Handler
 .text.PendSV_Handler
                0x08002162        0xa CMakeFiles/MKS4.dir/Src/stm32f0xx_it.c.obj
                0x08002162                PendSV_Handler
 .text.SysTick_Handler
                0x0800216c        0xe CMakeFiles/MKS4.dir/Src/stm32f0xx_it.c.obj
                0x0800216c                SysTick_Handler
 *fill*         0x0800217a        0x2 
 .text.ADC1_IRQHandler
                0x0800217c       0x18 CMakeFiles/MKS4.dir/Src/stm32f0xx_it.c.obj
                0x0800217c                ADC1_IRQHandler
 .text.HAL_MspInit
                0x08002194       0x48 CMakeFiles/MKS4.dir/Src/stm32f0xx_hal_msp.c.obj
                0x08002194                HAL_MspInit
 .text.HAL_ADC_MspInit
                0x080021dc       0x9c CMakeFiles/MKS4.dir/Src/stm32f0xx_hal_msp.c.obj
                0x080021dc                HAL_ADC_MspInit
 .text.HAL_UART_MspInit
                0x08002278       0x98 CMakeFiles/MKS4.dir/Src/stm32f0xx_hal_msp.c.obj
                0x08002278                HAL_UART_MspInit
 .text.Reset_Handler
                0x08002310       0x50 CMakeFiles/MKS4.dir/startup_stm32f030x8.s.obj
                0x08002310                Reset_Handler
 .text.Default_Handler
                0x08002360        0x2 CMakeFiles/MKS4.dir/startup_stm32f030x8.s.obj
                0x08002360                TIM1_BRK_UP_TRG_COM_IRQHandler
                0x08002360                TIM6_IRQHandler
                0x08002360                I2C1_IRQHandler
                0x08002360                SPI1_IRQHandler
                0x08002360                EXTI2_3_IRQHandler
                0x08002360                I2C2_IRQHandler
                0x08002360                TIM17_IRQHandler
                0x08002360                RTC_IRQHandler
                0x08002360                TIM16_IRQHandler
                0x08002360                TIM3_IRQHandler
                0x08002360                EXTI4_15_IRQHandler
                0x08002360                RCC_IRQHandler
                0x08002360                DMA1_Channel1_IRQHandler
                0x08002360                Default_Handler
                0x08002360                TIM14_IRQHandler
                0x08002360                DMA1_Channel4_5_IRQHandler
                0x08002360                TIM15_IRQHandler
                0x08002360                EXTI0_1_IRQHandler
                0x08002360                SPI2_IRQHandler
                0x08002360                WWDG_IRQHandler
                0x08002360                DMA1_Channel2_3_IRQHandler
                0x08002360                USART2_IRQHandler
                0x08002360                FLASH_IRQHandler
                0x08002360                USART1_IRQHandler
                0x08002360                TIM1_CC_IRQHandler
 .text.memset   0x08002362       0x10 /Applications/ArmGNUToolchain/14.2.rel1/arm-none-eabi/bin/../lib/gcc/arm-none-eabi/14.2.1/../../../../arm-none-eabi/lib/thumb/v6-m/nofp/libg_nano.a(libc_a-memset.o)
                0x08002362                memset
 *fill*         0x08002372        0x2 
 .text.__libc_init_array
                0x08002374       0x48 /Applications/ArmGNUToolchain/14.2.rel1/arm-none-eabi/bin/../lib/gcc/arm-none-eabi/14.2.1/../../../../arm-none-eabi/lib/thumb/v6-m/nofp/libg_nano.a(libc_a-init.o)
                0x08002374                __libc_init_array
 *(.glue_7)
 .glue_7        0x080023bc        0x0 linker stubs
 *(.glue_7t)
 .glue_7t       0x080023bc        0x0 linker stubs
 *(.eh_frame)
 .eh_frame      0x080023bc        0x0 /Applications/ArmGNUToolchain/14.2.rel1/arm-none-eabi/bin/../lib/gcc/arm-none-eabi/14.2.1/thumb/v6-m/nofp/crtbegin.o
 *(.init)
 .init          0x080023bc        0x4 /Applications/ArmGNUToolchain/14.2.rel1/arm-none-eabi/bin/../lib/gcc/arm-none-eabi/14.2.1/thumb/v6-m/nofp/crti.o
                0x080023bc                _init
 .init          0x080023c0        0x8 /Applications/ArmGNUToolchain/14.2.rel1/arm-none-eabi/bin/../lib/gcc/arm-none-eabi/14.2.1/thumb/v6-m/nofp/crtn.o
 *(.fini)
 .fini          0x080023c8        0x4 /Applications/ArmGNUToolchain/14.2.rel1/arm-none-eabi/bin/../lib/gcc/arm-none-eabi/14.2.1/thumb/v6-m/nofp/crti.o
                0x080023c8                _fini
 .fini          0x080023cc        0x8 /Applications/ArmGNUToolchain/14.2.rel1/arm-none-eabi/bin/../lib/gcc/arm-none-eabi/14.2.1/thumb/v6-m/nofp/crtn.o
                0x080023d4                        . = ALIGN (0x4)
                0x080023d4                        _etext = .

.vfp11_veneer   0x080023d4        0x0
 .vfp11_veneer  0x080023d4        0x0 linker stubs

.v4_bx          0x080023d4        0x0
 .v4_bx         0x080023d4        0x0 linker stubs

.iplt           0x080023d4        0x0
 .iplt          0x080023d4        0x0 /Applications/ArmGNUToolchain/14.2.rel1/arm-none-eabi/bin/../lib/gcc/arm-none-eabi/14.2.1/thumb/v6-m/nofp/crtbegin.o

.rodata         0x080023d4       0x38
                0x080023d4                        . = ALIGN (0x4)
 *(.rodata)
 *(.rodata*)
 .rodata.AHBPrescTable
                0x080023d4       0x10 cmake/stm32cubemx/CMakeFiles/STM32_Drivers.dir/__/__/Src/system_stm32f0xx.c.obj
                0x080023d4                AHBPrescTable
 .rodata.APBPrescTable
                0x080023e4        0x8 cmake/stm32cubemx/CMakeFiles/STM32_Drivers.dir/__/__/Src/system_stm32f0xx.c.obj
                0x080023e4                APBPrescTable
 .rodata.aPLLMULFactorTable.1
                0x080023ec       0x10 cmake/stm32cubemx/CMakeFiles/STM32_Drivers.dir/__/__/Drivers/STM32F0xx_HAL_Driver/Src/stm32f0xx_hal_rcc.c.obj
 .rodata.aPredivFactorTable.0
                0x080023fc       0x10 cmake/stm32cubemx/CMakeFiles/STM32_Drivers.dir/__/__/Drivers/STM32F0xx_HAL_Driver/Src/stm32f0xx_hal_rcc.c.obj
                0x0800240c                        . = ALIGN (0x4)

.ARM.extab      0x0800240c        0x0
                0x0800240c                        . = ALIGN (0x4)
 *(.ARM.extab* .gnu.linkonce.armextab.*)
                0x0800240c                        . = ALIGN (0x4)

.ARM            0x0800240c        0x0
                0x0800240c                        . = ALIGN (0x4)
                0x0800240c                        __exidx_start = .
 *(.ARM.exidx*)
                0x0800240c                        __exidx_end = .
                0x0800240c                        . = ALIGN (0x4)

.preinit_array  0x0800240c        0x0
                0x0800240c                        . = ALIGN (0x4)
                0x0800240c                        PROVIDE (__preinit_array_start = .)
 *(.preinit_array*)
                0x0800240c                        PROVIDE (__preinit_array_end = .)
                0x0800240c                        . = ALIGN (0x4)

.init_array     0x0800240c        0x4
                0x0800240c                        . = ALIGN (0x4)
                0x0800240c                        PROVIDE (__init_array_start = .)
 *(SORT_BY_NAME(.init_array.*))
 *(.init_array*)
 .init_array    0x0800240c        0x4 /Applications/ArmGNUToolchain/14.2.rel1/arm-none-eabi/bin/../lib/gcc/arm-none-eabi/14.2.1/thumb/v6-m/nofp/crtbegin.o
                0x08002410                        PROVIDE (__init_array_end = .)
                0x08002410                        . = ALIGN (0x4)

.fini_array     0x08002410        0x4
                0x08002410                        . = ALIGN (0x4)
                [!provide]                        PROVIDE (__fini_array_start = .)
 *(SORT_BY_NAME(.fini_array.*))
 *(.fini_array*)
 .fini_array    0x08002410        0x4 /Applications/ArmGNUToolchain/14.2.rel1/arm-none-eabi/bin/../lib/gcc/arm-none-eabi/14.2.1/thumb/v6-m/nofp/crtbegin.o
                [!provide]                        PROVIDE (__fini_array_end = .)
                0x08002414                        . = ALIGN (0x4)
                0x08002414                        _sidata = LOADADDR (.data)

.rel.dyn        0x08002414        0x0
 .rel.iplt      0x08002414        0x0 /Applications/ArmGNUToolchain/14.2.rel1/arm-none-eabi/bin/../lib/gcc/arm-none-eabi/14.2.1/thumb/v6-m/nofp/crtbegin.o

.data           0x20000000        0xc load address 0x08002414
                0x20000000                        . = ALIGN (0x4)
                0x20000000                        _sdata = .
 *(.data)
 *(.data*)
 .data.SystemCoreClock
                0x20000000        0x4 cmake/stm32cubemx/CMakeFiles/STM32_Drivers.dir/__/__/Src/system_stm32f0xx.c.obj
                0x20000000                SystemCoreClock
 .data.uwTickPrio
                0x20000004        0x4 cmake/stm32cubemx/CMakeFiles/STM32_Drivers.dir/__/__/Drivers/STM32F0xx_HAL_Driver/Src/stm32f0xx_hal.c.obj
                0x20000004                uwTickPrio
 .data.uwTickFreq
                0x20000008        0x1 cmake/stm32cubemx/CMakeFiles/STM32_Drivers.dir/__/__/Drivers/STM32F0xx_HAL_Driver/Src/stm32f0xx_hal.c.obj
                0x20000008                uwTickFreq
 *(.RamFunc)
 *(.RamFunc*)
                0x2000000c                        . = ALIGN (0x4)
 *fill*         0x20000009        0x3 

.tm_clone_table
                0x2000000c        0x0 load address 0x08002420
 .tm_clone_table
                0x2000000c        0x0 /Applications/ArmGNUToolchain/14.2.rel1/arm-none-eabi/bin/../lib/gcc/arm-none-eabi/14.2.1/thumb/v6-m/nofp/crtbegin.o
 .tm_clone_table
                0x2000000c        0x0 /Applications/ArmGNUToolchain/14.2.rel1/arm-none-eabi/bin/../lib/gcc/arm-none-eabi/14.2.1/thumb/v6-m/nofp/crtend.o

.igot.plt       0x2000000c        0x0 load address 0x08002420
 .igot.plt      0x2000000c        0x0 /Applications/ArmGNUToolchain/14.2.rel1/arm-none-eabi/bin/../lib/gcc/arm-none-eabi/14.2.1/thumb/v6-m/nofp/crtbegin.o

.tdata          0x2000000c        0x0 load address 0x08002420
 *(.tdata .tdata.* .gnu.linkonce.td.*)
                0x2000000c                        . = ALIGN (0x4)
                0x2000000c                        _edata = .
                [!provide]                        PROVIDE (__data_end = .)
                [!provide]                        PROVIDE (__tdata_end = .)
                [!provide]                        PROVIDE (__tdata_start = ADDR (.tdata))
                [!provide]                        PROVIDE (__tdata_size = (__tdata_end - __tdata_start))
                [!provide]                        PROVIDE (__data_start = ADDR (.data))
                [!provide]                        PROVIDE (__data_size = (__data_end - __data_start))
                [!provide]                        PROVIDE (__tdata_source = LOADADDR (.tdata))
                [!provide]                        PROVIDE (__tdata_source_end = (LOADADDR (.tdata) + SIZEOF (.tdata)))
                [!provide]                        PROVIDE (__tdata_source_size = (__tdata_source_end - __tdata_source))
                [!provide]                        PROVIDE (__data_source = LOADADDR (.data))
                [!provide]                        PROVIDE (__data_source_end = __tdata_source_end)
                [!provide]                        PROVIDE (__data_source_size = (__data_source_end - __data_source))

.tbss           0x2000000c        0x0 load address 0x08002420
                0x2000000c                        _sbss = .
                0x2000000c                        __bss_start__ = _sbss
 *(.tbss .tbss.*)
                0x2000000c                        . = ALIGN (0x4)
                [!provide]                        PROVIDE (__tbss_end = .)
                [!provide]                        PROVIDE (__tbss_start = ADDR (.tbss))
                [!provide]                        PROVIDE (__tbss_size = (__tbss_end - __tbss_start))
                [!provide]                        PROVIDE (__tbss_offset = (ADDR (.tbss) - ADDR (.tdata)))
                [!provide]                        PROVIDE (__tls_base = __tdata_start)
                [!provide]                        PROVIDE (__tls_end = __tbss_end)
                [!provide]                        PROVIDE (__tls_size = (__tls_end - __tls_base))
                [!provide]                        PROVIDE (__tls_align = MAX (ALIGNOF (.tdata), ALIGNOF (.tbss)))
                [!provide]                        PROVIDE (__tls_size_align = (((__tls_size + __tls_align) - 0x1) & ~ ((__tls_align - 0x1))))
                [!provide]                        PROVIDE (__arm32_tls_tcb_offset = MAX (0x8, __tls_align))
                [!provide]                        PROVIDE (__arm64_tls_tcb_offset = MAX (0x10, __tls_align))

.bss            0x2000000c       0xe8 load address 0x08002420
 *(.bss)
 *(.bss*)
 .bss.completed.1
                0x2000000c        0x1 /Applications/ArmGNUToolchain/14.2.rel1/arm-none-eabi/bin/../lib/gcc/arm-none-eabi/14.2.1/thumb/v6-m/nofp/crtbegin.o
 *fill*         0x2000000d        0x3 
 .bss.object.0  0x20000010       0x18 /Applications/ArmGNUToolchain/14.2.rel1/arm-none-eabi/bin/../lib/gcc/arm-none-eabi/14.2.1/thumb/v6-m/nofp/crtbegin.o
 .bss.uwTick    0x20000028        0x4 cmake/stm32cubemx/CMakeFiles/STM32_Drivers.dir/__/__/Drivers/STM32F0xx_HAL_Driver/Src/stm32f0xx_hal.c.obj
                0x20000028                uwTick
 .bss.hadc      0x2000002c       0x40 CMakeFiles/MKS4.dir/Src/main.c.obj
                0x2000002c                hadc
 .bss.huart2    0x2000006c       0x88 CMakeFiles/MKS4.dir/Src/main.c.obj
                0x2000006c                huart2
 *(COMMON)
                0x200000f4                        . = ALIGN (0x4)
                0x200000f4                        _ebss = .
                0x200000f4                        __bss_end__ = _ebss
                [!provide]                        PROVIDE (__bss_end = .)
                [!provide]                        PROVIDE (__non_tls_bss_start = ADDR (.bss))
                [!provide]                        PROVIDE (__bss_start = __tbss_start)
                [!provide]                        PROVIDE (__bss_size = (__bss_end - __bss_start))

._user_heap_stack
                0x200000f4      0x604 load address 0x08002420
                0x200000f8                        . = ALIGN (0x8)
 *fill*         0x200000f4        0x4 
                [!provide]                        PROVIDE (end = .)
                0x200000f8                        PROVIDE (_end = .)
                0x200002f8                        . = (. + _Min_Heap_Size)
 *fill*         0x200000f8      0x200 
                0x200006f8                        . = (. + _Min_Stack_Size)
 *fill*         0x200002f8      0x400 
                0x200006f8                        . = ALIGN (0x8)

/DISCARD/
 libc.a:*(*)
 libm.a:*(*)
 libgcc.a:*(*)
OUTPUT(MKS4.elf elf32-littlearm)
LOAD linker stubs

.ARM.attributes
                0x00000000       0x28
 .ARM.attributes
                0x00000000       0x1e /Applications/ArmGNUToolchain/14.2.rel1/arm-none-eabi/bin/../lib/gcc/arm-none-eabi/14.2.1/thumb/v6-m/nofp/crti.o
 .ARM.attributes
                0x0000001e       0x2c /Applications/ArmGNUToolchain/14.2.rel1/arm-none-eabi/bin/../lib/gcc/arm-none-eabi/14.2.1/thumb/v6-m/nofp/crtbegin.o
 .ARM.attributes
                0x0000004a       0x2c cmake/stm32cubemx/CMakeFiles/STM32_Drivers.dir/__/__/Src/system_stm32f0xx.c.obj
 .ARM.attributes
                0x00000076       0x2c cmake/stm32cubemx/CMakeFiles/STM32_Drivers.dir/__/__/Drivers/STM32F0xx_HAL_Driver/Src/stm32f0xx_hal_adc.c.obj
 .ARM.attributes
                0x000000a2       0x2c cmake/stm32cubemx/CMakeFiles/STM32_Drivers.dir/__/__/Drivers/STM32F0xx_HAL_Driver/Src/stm32f0xx_hal_rcc.c.obj
 .ARM.attributes
                0x000000ce       0x2c cmake/stm32cubemx/CMakeFiles/STM32_Drivers.dir/__/__/Drivers/STM32F0xx_HAL_Driver/Src/stm32f0xx_hal.c.obj
 .ARM.attributes
                0x000000fa       0x2c cmake/stm32cubemx/CMakeFiles/STM32_Drivers.dir/__/__/Drivers/STM32F0xx_HAL_Driver/Src/stm32f0xx_hal_gpio.c.obj
 .ARM.attributes
                0x00000126       0x2c cmake/stm32cubemx/CMakeFiles/STM32_Drivers.dir/__/__/Drivers/STM32F0xx_HAL_Driver/Src/stm32f0xx_hal_cortex.c.obj
 .ARM.attributes
                0x00000152       0x2c cmake/stm32cubemx/CMakeFiles/STM32_Drivers.dir/__/__/Drivers/STM32F0xx_HAL_Driver/Src/stm32f0xx_hal_uart.c.obj
 .ARM.attributes
                0x0000017e       0x2c CMakeFiles/MKS4.dir/Src/main.c.obj
 .ARM.attributes
                0x000001aa       0x2c CMakeFiles/MKS4.dir/Src/stm32f0xx_it.c.obj
 .ARM.attributes
                0x000001d6       0x2c CMakeFiles/MKS4.dir/Src/stm32f0xx_hal_msp.c.obj
 .ARM.attributes
                0x00000202       0x21 CMakeFiles/MKS4.dir/startup_stm32f030x8.s.obj
 .ARM.attributes
                0x00000223       0x1e /Applications/ArmGNUToolchain/14.2.rel1/arm-none-eabi/bin/../lib/gcc/arm-none-eabi/14.2.1/thumb/v6-m/nofp/libgcc.a(_udivsi3.o)
 .ARM.attributes
                0x00000241       0x1e /Applications/ArmGNUToolchain/14.2.rel1/arm-none-eabi/bin/../lib/gcc/arm-none-eabi/14.2.1/thumb/v6-m/nofp/libgcc.a(_dvmd_tls.o)
 .ARM.attributes
                0x0000025f       0x2c /Applications/ArmGNUToolchain/14.2.rel1/arm-none-eabi/bin/../lib/gcc/arm-none-eabi/14.2.1/../../../../arm-none-eabi/lib/thumb/v6-m/nofp/libg_nano.a(libc_a-memset.o)
 .ARM.attributes
                0x0000028b       0x2c /Applications/ArmGNUToolchain/14.2.rel1/arm-none-eabi/bin/../lib/gcc/arm-none-eabi/14.2.1/../../../../arm-none-eabi/lib/thumb/v6-m/nofp/libg_nano.a(libc_a-init.o)
 .ARM.attributes
                0x000002b7       0x2c /Applications/ArmGNUToolchain/14.2.rel1/arm-none-eabi/bin/../lib/gcc/arm-none-eabi/14.2.1/thumb/v6-m/nofp/crtend.o
 .ARM.attributes
                0x000002e3       0x1e /Applications/ArmGNUToolchain/14.2.rel1/arm-none-eabi/bin/../lib/gcc/arm-none-eabi/14.2.1/thumb/v6-m/nofp/crtn.o

.comment        0x00000000       0x45
 .comment       0x00000000       0x45 cmake/stm32cubemx/CMakeFiles/STM32_Drivers.dir/__/__/Src/system_stm32f0xx.c.obj
                                 0x46 (size before relaxing)
 .comment       0x00000045       0x46 cmake/stm32cubemx/CMakeFiles/STM32_Drivers.dir/__/__/Drivers/STM32F0xx_HAL_Driver/Src/stm32f0xx_hal_adc.c.obj
 .comment       0x00000045       0x46 cmake/stm32cubemx/CMakeFiles/STM32_Drivers.dir/__/__/Drivers/STM32F0xx_HAL_Driver/Src/stm32f0xx_hal_rcc.c.obj
 .comment       0x00000045       0x46 cmake/stm32cubemx/CMakeFiles/STM32_Drivers.dir/__/__/Drivers/STM32F0xx_HAL_Driver/Src/stm32f0xx_hal.c.obj
 .comment       0x00000045       0x46 cmake/stm32cubemx/CMakeFiles/STM32_Drivers.dir/__/__/Drivers/STM32F0xx_HAL_Driver/Src/stm32f0xx_hal_gpio.c.obj
 .comment       0x00000045       0x46 cmake/stm32cubemx/CMakeFiles/STM32_Drivers.dir/__/__/Drivers/STM32F0xx_HAL_Driver/Src/stm32f0xx_hal_cortex.c.obj
 .comment       0x00000045       0x46 cmake/stm32cubemx/CMakeFiles/STM32_Drivers.dir/__/__/Drivers/STM32F0xx_HAL_Driver/Src/stm32f0xx_hal_uart.c.obj
 .comment       0x00000045       0x46 CMakeFiles/MKS4.dir/Src/main.c.obj
 .comment       0x00000045       0x46 CMakeFiles/MKS4.dir/Src/stm32f0xx_it.c.obj
 .comment       0x00000045       0x46 CMakeFiles/MKS4.dir/Src/stm32f0xx_hal_msp.c.obj

.debug_info     0x00000000     0x843f
 .debug_info    0x00000000      0x242 cmake/stm32cubemx/CMakeFiles/STM32_Drivers.dir/__/__/Src/system_stm32f0xx.c.obj
 .debug_info    0x00000242      0xc70 cmake/stm32cubemx/CMakeFiles/STM32_Drivers.dir/__/__/Drivers/STM32F0xx_HAL_Driver/Src/stm32f0xx_hal_adc.c.obj
 .debug_info    0x00000eb2      0x844 cmake/stm32cubemx/CMakeFiles/STM32_Drivers.dir/__/__/Drivers/STM32F0xx_HAL_Driver/Src/stm32f0xx_hal_rcc.c.obj
 .debug_info    0x000016f6      0x670 cmake/stm32cubemx/CMakeFiles/STM32_Drivers.dir/__/__/Drivers/STM32F0xx_HAL_Driver/Src/stm32f0xx_hal.c.obj
 .debug_info    0x00001d66      0x5c3 cmake/stm32cubemx/CMakeFiles/STM32_Drivers.dir/__/__/Drivers/STM32F0xx_HAL_Driver/Src/stm32f0xx_hal_gpio.c.obj
 .debug_info    0x00002329      0x69b cmake/stm32cubemx/CMakeFiles/STM32_Drivers.dir/__/__/Drivers/STM32F0xx_HAL_Driver/Src/stm32f0xx_hal_cortex.c.obj
 .debug_info    0x000029c4     0x3a2a cmake/stm32cubemx/CMakeFiles/STM32_Drivers.dir/__/__/Drivers/STM32F0xx_HAL_Driver/Src/stm32f0xx_hal_uart.c.obj
 .debug_info    0x000063ee      0xe14 CMakeFiles/MKS4.dir/Src/main.c.obj
 .debug_info    0x00007202      0x556 CMakeFiles/MKS4.dir/Src/stm32f0xx_it.c.obj
 .debug_info    0x00007758      0xcb7 CMakeFiles/MKS4.dir/Src/stm32f0xx_hal_msp.c.obj
 .debug_info    0x0000840f       0x30 CMakeFiles/MKS4.dir/startup_stm32f030x8.s.obj

.debug_abbrev   0x00000000     0x14b1
 .debug_abbrev  0x00000000      0x11c cmake/stm32cubemx/CMakeFiles/STM32_Drivers.dir/__/__/Src/system_stm32f0xx.c.obj
 .debug_abbrev  0x0000011c      0x210 cmake/stm32cubemx/CMakeFiles/STM32_Drivers.dir/__/__/Drivers/STM32F0xx_HAL_Driver/Src/stm32f0xx_hal_adc.c.obj
 .debug_abbrev  0x0000032c      0x28b cmake/stm32cubemx/CMakeFiles/STM32_Drivers.dir/__/__/Drivers/STM32F0xx_HAL_Driver/Src/stm32f0xx_hal_rcc.c.obj
 .debug_abbrev  0x000005b7      0x24b cmake/stm32cubemx/CMakeFiles/STM32_Drivers.dir/__/__/Drivers/STM32F0xx_HAL_Driver/Src/stm32f0xx_hal.c.obj
 .debug_abbrev  0x00000802      0x1c8 cmake/stm32cubemx/CMakeFiles/STM32_Drivers.dir/__/__/Drivers/STM32F0xx_HAL_Driver/Src/stm32f0xx_hal_gpio.c.obj
 .debug_abbrev  0x000009ca      0x28c cmake/stm32cubemx/CMakeFiles/STM32_Drivers.dir/__/__/Drivers/STM32F0xx_HAL_Driver/Src/stm32f0xx_hal_cortex.c.obj
 .debug_abbrev  0x00000c56      0x2cc cmake/stm32cubemx/CMakeFiles/STM32_Drivers.dir/__/__/Drivers/STM32F0xx_HAL_Driver/Src/stm32f0xx_hal_uart.c.obj
 .debug_abbrev  0x00000f22      0x257 CMakeFiles/MKS4.dir/Src/main.c.obj
 .debug_abbrev  0x00001179      0x14b CMakeFiles/MKS4.dir/Src/stm32f0xx_it.c.obj
 .debug_abbrev  0x000012c4      0x1c9 CMakeFiles/MKS4.dir/Src/stm32f0xx_hal_msp.c.obj
 .debug_abbrev  0x0000148d       0x24 CMakeFiles/MKS4.dir/startup_stm32f030x8.s.obj

.debug_aranges  0x00000000      0x698
 .debug_aranges
                0x00000000       0x28 cmake/stm32cubemx/CMakeFiles/STM32_Drivers.dir/__/__/Src/system_stm32f0xx.c.obj
 .debug_aranges
                0x00000028       0xf8 cmake/stm32cubemx/CMakeFiles/STM32_Drivers.dir/__/__/Drivers/STM32F0xx_HAL_Driver/Src/stm32f0xx_hal_adc.c.obj
 .debug_aranges
                0x00000120       0x80 cmake/stm32cubemx/CMakeFiles/STM32_Drivers.dir/__/__/Drivers/STM32F0xx_HAL_Driver/Src/stm32f0xx_hal_rcc.c.obj
 .debug_aranges
                0x000001a0       0xd0 cmake/stm32cubemx/CMakeFiles/STM32_Drivers.dir/__/__/Drivers/STM32F0xx_HAL_Driver/Src/stm32f0xx_hal.c.obj
 .debug_aranges
                0x00000270       0x58 cmake/stm32cubemx/CMakeFiles/STM32_Drivers.dir/__/__/Drivers/STM32F0xx_HAL_Driver/Src/stm32f0xx_hal_gpio.c.obj
 .debug_aranges
                0x000002c8       0xc0 cmake/stm32cubemx/CMakeFiles/STM32_Drivers.dir/__/__/Drivers/STM32F0xx_HAL_Driver/Src/stm32f0xx_hal_cortex.c.obj
 .debug_aranges
                0x00000388      0x218 cmake/stm32cubemx/CMakeFiles/STM32_Drivers.dir/__/__/Drivers/STM32F0xx_HAL_Driver/Src/stm32f0xx_hal_uart.c.obj
 .debug_aranges
                0x000005a0       0x48 CMakeFiles/MKS4.dir/Src/main.c.obj
 .debug_aranges
                0x000005e8       0x48 CMakeFiles/MKS4.dir/Src/stm32f0xx_it.c.obj
 .debug_aranges
                0x00000630       0x40 CMakeFiles/MKS4.dir/Src/stm32f0xx_hal_msp.c.obj
 .debug_aranges
                0x00000670       0x28 CMakeFiles/MKS4.dir/startup_stm32f030x8.s.obj

.debug_rnglists
                0x00000000      0x51b
 .debug_rnglists
                0x00000000       0x1a cmake/stm32cubemx/CMakeFiles/STM32_Drivers.dir/__/__/Src/system_stm32f0xx.c.obj
 .debug_rnglists
                0x0000001a       0xc6 cmake/stm32cubemx/CMakeFiles/STM32_Drivers.dir/__/__/Drivers/STM32F0xx_HAL_Driver/Src/stm32f0xx_hal_adc.c.obj
 .debug_rnglists
                0x000000e0       0x60 cmake/stm32cubemx/CMakeFiles/STM32_Drivers.dir/__/__/Drivers/STM32F0xx_HAL_Driver/Src/stm32f0xx_hal_rcc.c.obj
 .debug_rnglists
                0x00000140       0x97 cmake/stm32cubemx/CMakeFiles/STM32_Drivers.dir/__/__/Drivers/STM32F0xx_HAL_Driver/Src/stm32f0xx_hal.c.obj
 .debug_rnglists
                0x000001d7       0x3f cmake/stm32cubemx/CMakeFiles/STM32_Drivers.dir/__/__/Drivers/STM32F0xx_HAL_Driver/Src/stm32f0xx_hal_gpio.c.obj
 .debug_rnglists
                0x00000216       0x8c cmake/stm32cubemx/CMakeFiles/STM32_Drivers.dir/__/__/Drivers/STM32F0xx_HAL_Driver/Src/stm32f0xx_hal_cortex.c.obj
 .debug_rnglists
                0x000002a2      0x1ce cmake/stm32cubemx/CMakeFiles/STM32_Drivers.dir/__/__/Drivers/STM32F0xx_HAL_Driver/Src/stm32f0xx_hal_uart.c.obj
 .debug_rnglists
                0x00000470       0x34 CMakeFiles/MKS4.dir/Src/main.c.obj
 .debug_rnglists
                0x000004a4       0x31 CMakeFiles/MKS4.dir/Src/stm32f0xx_it.c.obj
 .debug_rnglists
                0x000004d5       0x2d CMakeFiles/MKS4.dir/Src/stm32f0xx_hal_msp.c.obj
 .debug_rnglists
                0x00000502       0x19 CMakeFiles/MKS4.dir/startup_stm32f030x8.s.obj

.debug_macro    0x00000000     0xf013
 .debug_macro   0x00000000      0x1c1 cmake/stm32cubemx/CMakeFiles/STM32_Drivers.dir/__/__/Src/system_stm32f0xx.c.obj
 .debug_macro   0x000001c1      0xaae cmake/stm32cubemx/CMakeFiles/STM32_Drivers.dir/__/__/Src/system_stm32f0xx.c.obj
 .debug_macro   0x00000c6f       0x2e cmake/stm32cubemx/CMakeFiles/STM32_Drivers.dir/__/__/Src/system_stm32f0xx.c.obj
 .debug_macro   0x00000c9d       0x22 cmake/stm32cubemx/CMakeFiles/STM32_Drivers.dir/__/__/Src/system_stm32f0xx.c.obj
 .debug_macro   0x00000cbf       0x22 cmake/stm32cubemx/CMakeFiles/STM32_Drivers.dir/__/__/Src/system_stm32f0xx.c.obj
 .debug_macro   0x00000ce1       0x8e cmake/stm32cubemx/CMakeFiles/STM32_Drivers.dir/__/__/Src/system_stm32f0xx.c.obj
 .debug_macro   0x00000d6f       0x51 cmake/stm32cubemx/CMakeFiles/STM32_Drivers.dir/__/__/Src/system_stm32f0xx.c.obj
 .debug_macro   0x00000dc0      0x103 cmake/stm32cubemx/CMakeFiles/STM32_Drivers.dir/__/__/Src/system_stm32f0xx.c.obj
 .debug_macro   0x00000ec3       0x6a cmake/stm32cubemx/CMakeFiles/STM32_Drivers.dir/__/__/Src/system_stm32f0xx.c.obj
 .debug_macro   0x00000f2d      0x1df cmake/stm32cubemx/CMakeFiles/STM32_Drivers.dir/__/__/Src/system_stm32f0xx.c.obj
 .debug_macro   0x0000110c       0x1c cmake/stm32cubemx/CMakeFiles/STM32_Drivers.dir/__/__/Src/system_stm32f0xx.c.obj
 .debug_macro   0x00001128       0x22 cmake/stm32cubemx/CMakeFiles/STM32_Drivers.dir/__/__/Src/system_stm32f0xx.c.obj
 .debug_macro   0x0000114a       0xaf cmake/stm32cubemx/CMakeFiles/STM32_Drivers.dir/__/__/Src/system_stm32f0xx.c.obj
 .debug_macro   0x000011f9      0x391 cmake/stm32cubemx/CMakeFiles/STM32_Drivers.dir/__/__/Src/system_stm32f0xx.c.obj
 .debug_macro   0x0000158a     0x6f47 cmake/stm32cubemx/CMakeFiles/STM32_Drivers.dir/__/__/Src/system_stm32f0xx.c.obj
 .debug_macro   0x000084d1       0x66 cmake/stm32cubemx/CMakeFiles/STM32_Drivers.dir/__/__/Src/system_stm32f0xx.c.obj
 .debug_macro   0x00008537      0x133 cmake/stm32cubemx/CMakeFiles/STM32_Drivers.dir/__/__/Src/system_stm32f0xx.c.obj
 .debug_macro   0x0000866a     0x34da cmake/stm32cubemx/CMakeFiles/STM32_Drivers.dir/__/__/Src/system_stm32f0xx.c.obj
 .debug_macro   0x0000bb44      0x190 cmake/stm32cubemx/CMakeFiles/STM32_Drivers.dir/__/__/Src/system_stm32f0xx.c.obj
 .debug_macro   0x0000bcd4       0x55 cmake/stm32cubemx/CMakeFiles/STM32_Drivers.dir/__/__/Src/system_stm32f0xx.c.obj
 .debug_macro   0x0000bd29      0x924 cmake/stm32cubemx/CMakeFiles/STM32_Drivers.dir/__/__/Src/system_stm32f0xx.c.obj
 .debug_macro   0x0000c64d      0x17f cmake/stm32cubemx/CMakeFiles/STM32_Drivers.dir/__/__/Src/system_stm32f0xx.c.obj
 .debug_macro   0x0000c7cc      0x1ae cmake/stm32cubemx/CMakeFiles/STM32_Drivers.dir/__/__/Src/system_stm32f0xx.c.obj
 .debug_macro   0x0000c97a       0xd8 cmake/stm32cubemx/CMakeFiles/STM32_Drivers.dir/__/__/Src/system_stm32f0xx.c.obj
 .debug_macro   0x0000ca52      0x1a0 cmake/stm32cubemx/CMakeFiles/STM32_Drivers.dir/__/__/Src/system_stm32f0xx.c.obj
 .debug_macro   0x0000cbf2      0x1ed cmake/stm32cubemx/CMakeFiles/STM32_Drivers.dir/__/__/Src/system_stm32f0xx.c.obj
 .debug_macro   0x0000cddf       0x34 cmake/stm32cubemx/CMakeFiles/STM32_Drivers.dir/__/__/Src/system_stm32f0xx.c.obj
 .debug_macro   0x0000ce13       0x43 cmake/stm32cubemx/CMakeFiles/STM32_Drivers.dir/__/__/Src/system_stm32f0xx.c.obj
 .debug_macro   0x0000ce56       0x28 cmake/stm32cubemx/CMakeFiles/STM32_Drivers.dir/__/__/Src/system_stm32f0xx.c.obj
 .debug_macro   0x0000ce7e      0x33d cmake/stm32cubemx/CMakeFiles/STM32_Drivers.dir/__/__/Src/system_stm32f0xx.c.obj
 .debug_macro   0x0000d1bb       0xc2 cmake/stm32cubemx/CMakeFiles/STM32_Drivers.dir/__/__/Src/system_stm32f0xx.c.obj
 .debug_macro   0x0000d27d       0xb0 cmake/stm32cubemx/CMakeFiles/STM32_Drivers.dir/__/__/Src/system_stm32f0xx.c.obj
 .debug_macro   0x0000d32d      0x199 cmake/stm32cubemx/CMakeFiles/STM32_Drivers.dir/__/__/Src/system_stm32f0xx.c.obj
 .debug_macro   0x0000d4c6      0x22c cmake/stm32cubemx/CMakeFiles/STM32_Drivers.dir/__/__/Src/system_stm32f0xx.c.obj
 .debug_macro   0x0000d6f2       0x61 cmake/stm32cubemx/CMakeFiles/STM32_Drivers.dir/__/__/Src/system_stm32f0xx.c.obj
 .debug_macro   0x0000d753       0xa5 cmake/stm32cubemx/CMakeFiles/STM32_Drivers.dir/__/__/Src/system_stm32f0xx.c.obj
 .debug_macro   0x0000d7f8       0x4c cmake/stm32cubemx/CMakeFiles/STM32_Drivers.dir/__/__/Src/system_stm32f0xx.c.obj
 .debug_macro   0x0000d844       0x2b cmake/stm32cubemx/CMakeFiles/STM32_Drivers.dir/__/__/Src/system_stm32f0xx.c.obj
 .debug_macro   0x0000d86f      0x56d cmake/stm32cubemx/CMakeFiles/STM32_Drivers.dir/__/__/Src/system_stm32f0xx.c.obj
 .debug_macro   0x0000dddc       0x3e cmake/stm32cubemx/CMakeFiles/STM32_Drivers.dir/__/__/Src/system_stm32f0xx.c.obj
 .debug_macro   0x0000de1a       0xff cmake/stm32cubemx/CMakeFiles/STM32_Drivers.dir/__/__/Src/system_stm32f0xx.c.obj
 .debug_macro   0x0000df19      0x1e5 cmake/stm32cubemx/CMakeFiles/STM32_Drivers.dir/__/__/Drivers/STM32F0xx_HAL_Driver/Src/stm32f0xx_hal_adc.c.obj
 .debug_macro   0x0000e0fe      0x1d3 cmake/stm32cubemx/CMakeFiles/STM32_Drivers.dir/__/__/Drivers/STM32F0xx_HAL_Driver/Src/stm32f0xx_hal_rcc.c.obj
 .debug_macro   0x0000e2d1      0x1e5 cmake/stm32cubemx/CMakeFiles/STM32_Drivers.dir/__/__/Drivers/STM32F0xx_HAL_Driver/Src/stm32f0xx_hal.c.obj
 .debug_macro   0x0000e4b6      0x1c8 cmake/stm32cubemx/CMakeFiles/STM32_Drivers.dir/__/__/Drivers/STM32F0xx_HAL_Driver/Src/stm32f0xx_hal_gpio.c.obj
 .debug_macro   0x0000e67e      0x1c1 cmake/stm32cubemx/CMakeFiles/STM32_Drivers.dir/__/__/Drivers/STM32F0xx_HAL_Driver/Src/stm32f0xx_hal_cortex.c.obj
 .debug_macro   0x0000e83f      0x1de cmake/stm32cubemx/CMakeFiles/STM32_Drivers.dir/__/__/Drivers/STM32F0xx_HAL_Driver/Src/stm32f0xx_hal_uart.c.obj
 .debug_macro   0x0000ea1d      0x1d0 CMakeFiles/MKS4.dir/Src/main.c.obj
 .debug_macro   0x0000ebed       0x7c CMakeFiles/MKS4.dir/Src/main.c.obj
 .debug_macro   0x0000ec69      0x1da CMakeFiles/MKS4.dir/Src/stm32f0xx_it.c.obj
 .debug_macro   0x0000ee43      0x1d0 CMakeFiles/MKS4.dir/Src/stm32f0xx_hal_msp.c.obj

.debug_line     0x00000000     0x874c
 .debug_line    0x00000000      0x737 cmake/stm32cubemx/CMakeFiles/STM32_Drivers.dir/__/__/Src/system_stm32f0xx.c.obj
 .debug_line    0x00000737     0x113c cmake/stm32cubemx/CMakeFiles/STM32_Drivers.dir/__/__/Drivers/STM32F0xx_HAL_Driver/Src/stm32f0xx_hal_adc.c.obj
 .debug_line    0x00001873      0xddc cmake/stm32cubemx/CMakeFiles/STM32_Drivers.dir/__/__/Drivers/STM32F0xx_HAL_Driver/Src/stm32f0xx_hal_rcc.c.obj
 .debug_line    0x0000264f      0x94b cmake/stm32cubemx/CMakeFiles/STM32_Drivers.dir/__/__/Drivers/STM32F0xx_HAL_Driver/Src/stm32f0xx_hal.c.obj
 .debug_line    0x00002f9a      0xab0 cmake/stm32cubemx/CMakeFiles/STM32_Drivers.dir/__/__/Drivers/STM32F0xx_HAL_Driver/Src/stm32f0xx_hal_gpio.c.obj
 .debug_line    0x00003a4a      0x9f3 cmake/stm32cubemx/CMakeFiles/STM32_Drivers.dir/__/__/Drivers/STM32F0xx_HAL_Driver/Src/stm32f0xx_hal_cortex.c.obj
 .debug_line    0x0000443d     0x2bd4 cmake/stm32cubemx/CMakeFiles/STM32_Drivers.dir/__/__/Drivers/STM32F0xx_HAL_Driver/Src/stm32f0xx_hal_uart.c.obj
 .debug_line    0x00007011      0x826 CMakeFiles/MKS4.dir/Src/main.c.obj
 .debug_line    0x00007837      0x73c CMakeFiles/MKS4.dir/Src/stm32f0xx_it.c.obj
 .debug_line    0x00007f73      0x75e CMakeFiles/MKS4.dir/Src/stm32f0xx_hal_msp.c.obj
 .debug_line    0x000086d1       0x7b CMakeFiles/MKS4.dir/startup_stm32f030x8.s.obj

.debug_str      0x00000000    0x5bf09
 .debug_str     0x00000000    0x5bf09 cmake/stm32cubemx/CMakeFiles/STM32_Drivers.dir/__/__/Src/system_stm32f0xx.c.obj
                              0x59f1c (size before relaxing)
 .debug_str     0x0005bf09    0x5a62e cmake/stm32cubemx/CMakeFiles/STM32_Drivers.dir/__/__/Drivers/STM32F0xx_HAL_Driver/Src/stm32f0xx_hal_adc.c.obj
 .debug_str     0x0005bf09    0x5a35d cmake/stm32cubemx/CMakeFiles/STM32_Drivers.dir/__/__/Drivers/STM32F0xx_HAL_Driver/Src/stm32f0xx_hal_rcc.c.obj
 .debug_str     0x0005bf09    0x5a4b5 cmake/stm32cubemx/CMakeFiles/STM32_Drivers.dir/__/__/Drivers/STM32F0xx_HAL_Driver/Src/stm32f0xx_hal.c.obj
 .debug_str     0x0005bf09    0x5a0c2 cmake/stm32cubemx/CMakeFiles/STM32_Drivers.dir/__/__/Drivers/STM32F0xx_HAL_Driver/Src/stm32f0xx_hal_gpio.c.obj
 .debug_str     0x0005bf09    0x5a2a6 cmake/stm32cubemx/CMakeFiles/STM32_Drivers.dir/__/__/Drivers/STM32F0xx_HAL_Driver/Src/stm32f0xx_hal_cortex.c.obj
 .debug_str     0x0005bf09    0x5ac3a cmake/stm32cubemx/CMakeFiles/STM32_Drivers.dir/__/__/Drivers/STM32F0xx_HAL_Driver/Src/stm32f0xx_hal_uart.c.obj
 .debug_str     0x0005bf09    0x5a919 CMakeFiles/MKS4.dir/Src/main.c.obj
 .debug_str     0x0005bf09    0x5a403 CMakeFiles/MKS4.dir/Src/stm32f0xx_it.c.obj
 .debug_str     0x0005bf09    0x5a8c9 CMakeFiles/MKS4.dir/Src/stm32f0xx_hal_msp.c.obj
 .debug_str     0x0005bf09       0x9a CMakeFiles/MKS4.dir/startup_stm32f030x8.s.obj

.debug_frame    0x00000000     0x1680
 .debug_frame   0x00000000       0x4c cmake/stm32cubemx/CMakeFiles/STM32_Drivers.dir/__/__/Src/system_stm32f0xx.c.obj
 .debug_frame   0x0000004c      0x3a0 cmake/stm32cubemx/CMakeFiles/STM32_Drivers.dir/__/__/Drivers/STM32F0xx_HAL_Driver/Src/stm32f0xx_hal_adc.c.obj
 .debug_frame   0x000003ec      0x198 cmake/stm32cubemx/CMakeFiles/STM32_Drivers.dir/__/__/Drivers/STM32F0xx_HAL_Driver/Src/stm32f0xx_hal_rcc.c.obj
 .debug_frame   0x00000584      0x2a4 cmake/stm32cubemx/CMakeFiles/STM32_Drivers.dir/__/__/Drivers/STM32F0xx_HAL_Driver/Src/stm32f0xx_hal.c.obj
 .debug_frame   0x00000828      0x110 cmake/stm32cubemx/CMakeFiles/STM32_Drivers.dir/__/__/Drivers/STM32F0xx_HAL_Driver/Src/stm32f0xx_hal_gpio.c.obj
 .debug_frame   0x00000938      0x2a0 cmake/stm32cubemx/CMakeFiles/STM32_Drivers.dir/__/__/Drivers/STM32F0xx_HAL_Driver/Src/stm32f0xx_hal_cortex.c.obj
 .debug_frame   0x00000bd8      0x810 cmake/stm32cubemx/CMakeFiles/STM32_Drivers.dir/__/__/Drivers/STM32F0xx_HAL_Driver/Src/stm32f0xx_hal_uart.c.obj
 .debug_frame   0x000013e8       0xc4 CMakeFiles/MKS4.dir/Src/main.c.obj
 .debug_frame   0x000014ac       0xb8 CMakeFiles/MKS4.dir/Src/stm32f0xx_it.c.obj
 .debug_frame   0x00001564       0xb0 CMakeFiles/MKS4.dir/Src/stm32f0xx_hal_msp.c.obj
 .debug_frame   0x00001614       0x20 /Applications/ArmGNUToolchain/14.2.rel1/arm-none-eabi/bin/../lib/gcc/arm-none-eabi/14.2.1/thumb/v6-m/nofp/libgcc.a(_udivsi3.o)
 .debug_frame   0x00001634       0x20 /Applications/ArmGNUToolchain/14.2.rel1/arm-none-eabi/bin/../lib/gcc/arm-none-eabi/14.2.1/../../../../arm-none-eabi/lib/thumb/v6-m/nofp/libg_nano.a(libc_a-memset.o)
 .debug_frame   0x00001654       0x2c /Applications/ArmGNUToolchain/14.2.rel1/arm-none-eabi/bin/../lib/gcc/arm-none-eabi/14.2.1/../../../../arm-none-eabi/lib/thumb/v6-m/nofp/libg_nano.a(libc_a-init.o)

.debug_line_str
                0x00000000      0x150
 .debug_line_str
                0x00000000      0x150 CMakeFiles/MKS4.dir/startup_stm32f030x8.s.obj
                                 0x7e (size before relaxing)
 .debug_line_str
                0x00000150       0xd2 /Applications/ArmGNUToolchain/14.2.rel1/arm-none-eabi/bin/../lib/gcc/arm-none-eabi/14.2.1/thumb/v6-m/nofp/libgcc.a(_udivsi3.o)
 .debug_line_str
                0x00000150       0xd2 /Applications/ArmGNUToolchain/14.2.rel1/arm-none-eabi/bin/../lib/gcc/arm-none-eabi/14.2.1/thumb/v6-m/nofp/libgcc.a(_dvmd_tls.o)
